// Jest Snapshot v1, https://goo.gl/fbAQLP

exports[`The Filter component displays Filter 1`] = `ReactWrapper {}`;
