// Jest Snapshot v1, https://goo.gl/fbAQLP

exports[`The Record component displays Record 1`] = `ReactWrapper {}`;
